// Jest Snapshot v1, https://goo.gl/fbAQLP

exports[`renders withActivePlayer HOC correctly 1`] = `<div />`;
