// Jest Snapshot v1, https://goo.gl/fbAQLP

exports[`renders withReviewForm HOC 1`] = `<div />`;
