// Jest Snapshot v1, https://goo.gl/fbAQLP

exports[`renders withSwitchableTabs HOC 1`] = `<div />`;
