// Jest Snapshot v1, https://goo.gl/fbAQLP

exports[`renders FilmCard component 1`] = `
<article
  className="small-movie-card catalog__movies-card"
  onMouseLeave={[Function]}
  onMouseOver={[Function]}
>
  <div
    className="small-movie-card__image"
  />
  <h3
    className="small-movie-card__title"
  >
    <a
      className="small-movie-card__link"
      href="/films/1"
      onClick={[Function]}
    >
      Bronson
    </a>
  </h3>
</article>
`;
