// Jest Snapshot v1, https://goo.gl/fbAQLP

exports[`renders Preloader component 1`] = `
<div>
  Loading...
</div>
`;
