// Jest Snapshot v1, https://goo.gl/fbAQLP

exports[`FilmScreenTabs render renders FilmScreenTabs component with currentTab eq OVERVIEW 1`] = `
<div
  className="movie-card__desc"
>
  <nav
    className="movie-nav movie-card__nav"
  >
    <ul
      className="movie-nav__list"
    >
      <li
        className="movie-nav__item movie-nav__item--active"
        data-tab-type="OVERVIEW"
        onClick={[Function]}
      >
        <a
          className="movie-nav__link"
          href="#"
        >
          Overview
        </a>
      </li>
      <li
        className="movie-nav__item "
        data-tab-type="DETAILS"
        onClick={[Function]}
      >
        <a
          className="movie-nav__link"
          href="#"
        >
          Details
        </a>
      </li>
      <li
        className="movie-nav__item "
        data-tab-type="REVIEWS"
        onClick={[Function]}
      >
        <a
          className="movie-nav__link"
          href="#"
        >
          Reviews
        </a>
      </li>
    </ul>
  </nav>
  <div
    className="movie-rating"
  >
    <div
      className="movie-rating__score"
    >
      3.6
    </div>
    <p
      className="movie-rating__meta"
    >
      <span
        className="movie-rating__level"
      >
        Normal
      </span>
      <span
        className="movie-rating__count"
      >
        109661
         ratings
      </span>
    </p>
  </div>
  <div
    className="movie-card__text"
  >
    <p>
      A young man who was sentenced to seven years in prison for robbing a post office ends up spending three decades in solitary confinement. During this time, his own personality is supplanted by his alter-ego, Charles Bronson.
    </p>
    <p
      className="movie-card__director"
    >
      <strong>
        Director: 
        Nicolas Winding Refn
      </strong>
    </p>
    <p
      className="movie-card__starring"
    >
      <strong>
        Starring: 
        Tom Hardy, Kelly Adams, Luing Andrews
      </strong>
    </p>
  </div>
</div>
`;
